// Jest Snapshot v1, https://goo.gl/fbAQLP

exports[`Coins render correctly 1`] = `ShallowWrapper {}`;
